fail.asm(4): warning[fwdref]: forward reference of symbol: IF $ < addr
fail.asm(4): warning[fwdref]: forward reference of symbol: IF $ < addr
# file opened: fail.asm
 1    0000                  output _fail.bin
 2    0000
fail.asm(3): error: [MACRO] Illegal macroname:  PADORG,addr
 3    0000                  MACRO PADORG,addr   ; space must separate macro name from comma-delimited arguments
fail.asm(4): error: Label not found: addr
 4    0000                       IF $ < addr
 5    0000 ~                     BLOCK addr-$
 6    0000                       ENDIF
fail.asm(7): error: Label not found: addr
 7    0000                       ORG addr
fail.asm(8): error: [ENDM] End macro without macro
 8    0000                  ENDM
 9    0000
fail.asm(10): error: Label not found: start
10    0000 C3 00 00         jp start        ; labels are case-sensitive
11    0003
12    0003                  ORG $100        ; ORG on its own will not align code with position in memory
13    0100                                  ; the following will not assemble to $100 in _fail.bin / _fail.hex
14    0100
15    0100              START:
fail.asm(16): error: Label not found: END
16    0100 C3 00 00         jp END
17    0103
fail.asm(18): error: Label not found: msb
fail.asm(18): error: Unexpected: ($)
18    0103 00               db msb($)       ; not supported - use high() instead
fail.asm(19): error: Label not found: lsb
fail.asm(19): error: Unexpected: ($)
19    0104 00               db lsb($)       ; not supported - use low() instead
20    0105
fail.asm(21): error: Unrecognized instruction: cstr "foo"
21    0105                  cstr "foo"      ; cstr not recognised for c-style strings - use db str,0
22    0105
23    0105 00 00 00...      align $100
24    0200
fail.asm(25): error: Unrecognized instruction: included.asm
25    0200              .include included.asm   ; by default directives cannot be put at the start of a line so this will fail.
26    0200                                      ; use the --dirbol command switch to make this acceptable
27    0200
28    0200                END
# file closed: fail.asm
