fail.asm(4): warning[fwdref]: forward reference of symbol: IF $ < addr
fail.asm(4): warning[fwdref]: forward reference of symbol: IF $ < addr
# file opened: fail.asm
 1    0000                  output _fail.bin
 2    0000
fail.asm(3): error: [MACRO] Illegal macroname:  PADORG,addr
 3    0000                  MACRO PADORG,addr   ; space must separate macro name from comma-delimited arguments
fail.asm(4): error: Label not found: addr
 4    0000                       IF $ < addr
 5    0000 ~                     BLOCK addr-$
 6    0000                       ENDIF
fail.asm(7): error: Label not found: addr
 7    0000                       ORG addr
fail.asm(8): error: [ENDM] End macro without macro
 8    0000                  ENDM
 9    0000
10    0000              SIMPLEPAD: MACRO addr
11    0000 ~                    BLOCK addr-$
12    0000                  ENDM
13    0000
fail.asm(14): error: Label not found: start
14    0000 C3 00 00         jp start        ; labels are case-sensitive
15    0003
16    0003                  ORG $100        ; ORG will not align code with position in memory
17    0100                                  ; the following will not assemble to $100 in _fail.bin / _fail.hex
18    0100
19    0100              START:
20    0100 50 59            ld de,bc
fail.asm(21): error: Label not found: END
21    0102 C3 00 00         jp END
22    0105
fail.asm(23): error: Label not found: msb
fail.asm(23): error: Unexpected: ($)
23    0105 00               db msb($)       ; msb not recognised - use high() instead
fail.asm(24): error: Label not found: lsb
fail.asm(24): error: Unexpected: ($)
24    0106 00               db lsb($)       ; lsb not recognised - use low() instead
25    0107
26    0107 00 00 00...      align $100
27    0200
fail.asm(28): error: Unrecognized instruction: .cstr "foo\n"
28    0200                  .cstr "foo\n"      ; cstr not recognised for c-style strings - use db str,0
29    0200
30    0200                  align $100
31    0200
fail.asm(32): error: Unrecognized instruction: included.asm
32    0200              .include included.asm   ; by default directives cannot be put at the start of a line so this will fail.
33    0200                                      ; use the --dirbol command switch to make this acceptable
34    0200
35    0200                  ORG $400            ; ORG will not align code with position in memory
36    0400
37    0400                END
# file closed: fail.asm
