# file opened: succeed.asm
 1    0000                  output _succeed.bin
 2    0000
 3    0000                  MACRO PADORG addr
 4    0000 ~                     IF $ < addr
 5    0000 ~                     BLOCK addr-$
 6    0000 ~                     ENDIF
 7    0000 ~                     ORG addr
 8    0000                  ENDM
 9    0000
10    0000              SIMPLEPAD: MACRO addr ; macroname MACRO param format is supported (label must be at beginning of line)
11    0000 ~                    BLOCK addr-$
12    0000                  ENDM
13    0000
14    0000 C3 00 01         jp START
15    0003
16    0003                  PADORG $100     ; BLOCK is needed to pad out memory (ALIGN might also be used)
16    0003             >         IF $ < $100
16    0003 00 00 00... >         BLOCK $100-$
16    0100             >         ENDIF
16    0100             >         ORG $100
17    0100                  ORG $100        ; ORG on its own will not align code with position in memory
18    0100
19    0100              START:
20    0100 50 59            ld de,bc        ; successfully translates to ld d,b followed by ld e,c [50,59]
21    0102 C3 00 03         jp END
22    0105
23    0105 01               db high($)      ; high byte of the current PC
24    0106 06               db low($)       ; low byte of the current PC
25    0107
26    0107 66 6F 6F 0A      db "foo\n",0      ; c-style strings using DB, escaped control characters allowed
26    010B 00
27    010C
28    010C 00 00 00...      align $100      ; pad to beginning of next memory page
29    0200
30    0200                  .include included.asm       ; directives can start with a . (or not)
# file opened: included.asm
 1+   0200 62 61 72 00      DB "bar",0
# file closed: included.asm
31    0204
32    0204                  SIMPLEPAD $300     ; BLOCK is needed to pad out memory (ALIGN might also be used)
32    0204 00 00 00... >        BLOCK $300-$
33    0300                  ORG $300        ; ORG on its own will not align code with position in memory, but multiple orgs are allowed
34    0300
35    0300              END:
36    0300 76               halt
# file closed: succeed.asm
